package lowercase

import (
	"log/slog"

	"go.uber.org/zap"
)

func example() {
	slog.Info("starting server") // want "log message should start with a lowercase letter"
	slog.Info("starting server")

	var logger *slog.Logger
	logger.Error("failed to connect") // want "log message should start with a lowercase letter"

	var zapLogger *zap.Logger
	zapLogger.Info("hello") // want "log message should start with a lowercase letter"

	var sugar *zap.SugaredLogger
	sugar.Infow("hello") // want "log message should start with a lowercase letter"
}

func edgeCases() {
	slog.Info("  ok with leading spaces")
	slog.Info("")    // ok: empty
	slog.Info("   ") // ok: only spaces

	slog.Info("404 error") // want "log message should start with a lowercase letter"
	slog.Info("-failed")   // want "log message should start with a lowercase letter"
	slog.Info("🚀 launch")  // want "log message should start with a lowercase letter"
}
